(module
)

function asmFunc(imports) {
 var Math_imul = Math.imul;
 var Math_fround = Math.fround;
 var Math_abs = Math.abs;
 var Math_clz32 = Math.clz32;
 var Math_min = Math.min;
 var Math_max = Math.max;
 var Math_floor = Math.floor;
 var Math_ceil = Math.ceil;
 var Math_trunc = Math.trunc;
 var Math_sqrt = Math.sqrt;
 return {
  
 };
}

Running suite: Function
. Running test: Add Function
(module
 (type $0 (func))
 (func $test_func
  (nop)
 )
)
. Running test: get name
. Running test: get params and results
. Running test: get num vars
. Running test: get var
. Running test: get/set start
. Running test: function count
. Running test: get func & get func by index
. Running test: remove_function
(module
)
. Running test: get/set body
(module
 (type $0 (func))
 (func $body_func
  (nop)
 )
 (func $new_body_func
  (nop)
 )
)
. Running test: set_debug_location
{"version":3,"sources":[],"names":[],"mappings":"uBASoB,C"}Running suite: Module
. Running test: create and dispose
. Running test: add custom section
. Running test: write
. Running test: write_text
(module
 (type $0 (func))
 (func $test_func
  (nop)
 )
)
. Running test: write_stack_ir
(module
 (type $0 (func))
 (func $test_func
  nop
 )
)
. Running test: parse
(module
 (type $0 (func))
 (func $0
 )
)
. Running test: print
. Running test: print_asmjs
. Running test: print_stack_ir
. Running test: validate
. Running test: optimize
. Running test: get and set features
. Running test: run_empty_passes
. Running test: read
(module
 (type $0 (func))
 (func $0
  (nop)
 )
)
. Running test: interpret
. Running test: debug info filename management
. Running test: update maps
Running suite: Settings
. Running test: optimize_level
. Running test: shrink_level
. Running test: debug_info
. Running test: traps_never_happen
. Running test: closed_world
. Running test: low_memory_unused
. Running test: zero_filled_memory
. Running test: fast_math
. Running test: generate_stack_ir
. Running test: optimize_stack_ir
. Running test: pass_argument
. Running test: skip_pass
. Running test: always inline max size
. Running test: flexible inline max size
. Running test: one caller inline max size
. Running test: allow inlining functions with loops
. Running test: colors enabled
Running suite: Type
. Running test: none
(module
 (type $0 (func))
 (func $none_type_test
  (nop)
 )
)
. Running test: create/expand
. Running test: basic types
(module
 (type $0 (func (param i32 i64 f32 f64 v128)))
 (func $basic_type_test (param $0 i32) (param $1 i64) (param $2 f32) (param $3 f64) (param $4 v128)
  (nop)
 )
)
. Running test: ref types
(module
 (type $0 (func (param funcref anyref eqref i31ref structref arrayref stringref nullref nullexternref nullfuncref)))
 (func $ref_type_test (param $0 funcref) (param $1 anyref) (param $2 eqref) (param $3 i31ref) (param $4 structref) (param $5 arrayref) (param $6 stringref) (param $7 nullref) (param $8 nullexternref) (param $9 nullfuncref)
  (nop)
 )
)
. Running test: unreachable type
(module
 (type $0 (func (param unreachable)))
 (func $unreachable_type_test (param $0 unreachable)
  (nop)
 )
)
. Running test: is_nullable
var retasmFunc = asmFunc({
});
(module
 (type $0 (func))
 (func $test_func
  nop
 )
)
